src/utils/jwt.util.ts(7,5): error TS2322: Type 'string' is not assignable to type 'number | StringValue | undefined'.
src/utils/jwt.util.ts(14,5): error TS2322: Type 'string' is not assignable to type 'number | StringValue | undefined'.
